Error: EPERM: operation not permitted, open '/Users/amauricia/package.json'
    at Object.readFileSync (node:fs:441:20)
    at read (file:///Users/amauricia/Documents/GitHub/stable-lords/node_modules/vitest/dist/chunks/coverage.DL5VHqXY.js:612:17)
    at getPackageScopeConfig (file:///Users/amauricia/Documents/GitHub/stable-lords/node_modules/vitest/dist/chunks/coverage.DL5VHqXY.js:703:27)
    at packageResolve (file:///Users/amauricia/Documents/GitHub/stable-lords/node_modules/vitest/dist/chunks/coverage.DL5VHqXY.js:1853:25)
    at moduleResolve (file:///Users/amauricia/Documents/GitHub/stable-lords/node_modules/vitest/dist/chunks/coverage.DL5VHqXY.js:1993:18)
    at _tryModuleResolve (file:///Users/amauricia/Documents/GitHub/stable-lords/node_modules/vitest/dist/chunks/coverage.DL5VHqXY.js:2038:12)
    at _resolve$1 (file:///Users/amauricia/Documents/GitHub/stable-lords/node_modules/vitest/dist/chunks/coverage.DL5VHqXY.js:2093:16)
    at resolveSync (file:///Users/amauricia/Documents/GitHub/stable-lords/node_modules/vitest/dist/chunks/coverage.DL5VHqXY.js:2126:10)
    at resolvePathSync (file:///Users/amauricia/Documents/GitHub/stable-lords/node_modules/vitest/dist/chunks/coverage.DL5VHqXY.js:2129:24)
    at _resolve (file:///Users/amauricia/Documents/GitHub/stable-lords/node_modules/vitest/dist/chunks/coverage.DL5VHqXY.js:2300:22) {
  errno: -1,
  code: 'EPERM',
  syscall: 'open',
  path: '/Users/amauricia/package.json'
}
 MISSING DEPENDENCY  Cannot find dependency 'jsdom'


 RUN  v3.2.4 /Users/amauricia/Documents/GitHub/stable-lords

stderr | src/test/state/useGameStore.perf.test.tsx > useGameStore Optimization (Epic 4) > requires useShallow for object-returning selectors to avoid extra renders
Warning: The result of getSnapshot should be cached to avoid an infinite loop
    at WithoutShallow (/Users/amauricia/Documents/GitHub/stable-lords/src/test/state/useGameStore.perf.test.tsx:95:47)
Error: Uncaught [Error: Maximum update depth exceeded. This can happen when a component repeatedly calls setState inside componentWillUpdate or componentDidUpdate. React limits the number of nested updates to prevent infinite loops.]
    at reportException (/Users/amauricia/Documents/GitHub/stable-lords/node_modules/jsdom/lib/jsdom/living/helpers/runtime-script-errors.js:66:24)
    at innerInvokeEventListeners (/Users/amauricia/Documents/GitHub/stable-lords/node_modules/jsdom/lib/jsdom/living/events/EventTarget-impl.js:353:9)
    at invokeEventListeners (/Users/amauricia/Documents/GitHub/stable-lords/node_modules/jsdom/lib/jsdom/living/events/EventTarget-impl.js:286:3)
    at HTMLUnknownElementImpl._dispatch (/Users/amauricia/Documents/GitHub/stable-lords/node_modules/jsdom/lib/jsdom/living/events/EventTarget-impl.js:233:9)
    at HTMLUnknownElementImpl.dispatchEvent (/Users/amauricia/Documents/GitHub/stable-lords/node_modules/jsdom/lib/jsdom/living/events/EventTarget-impl.js:104:17)
    at HTMLUnknownElement.dispatchEvent (/Users/amauricia/Documents/GitHub/stable-lords/node_modules/jsdom/lib/jsdom/living/generated/EventTarget.js:241:34)
    at Object.invokeGuardedCallbackDev (/Users/amauricia/Documents/GitHub/stable-lords/node_modules/react-dom/cjs/react-dom.development.js:4213:16)
    at invokeGuardedCallback (/Users/amauricia/Documents/GitHub/stable-lords/node_modules/react-dom/cjs/react-dom.development.js:4277:31)
    at reportUncaughtErrorInDEV (/Users/amauricia/Documents/GitHub/stable-lords/node_modules/react-dom/cjs/react-dom.development.js:22877:5)
    at captureCommitPhaseError (/Users/amauricia/Documents/GitHub/stable-lords/node_modules/react-dom/cjs/react-dom.development.js:27165:5) Error: Maximum update depth exceeded. This can happen when a component repeatedly calls setState inside componentWillUpdate or componentDidUpdate. React limits the number of nested updates to prevent infinite loops.
    at checkForNestedUpdates [90m(/Users/amauricia/Documents/GitHub/stable-lords/[39mnode_modules/[4mreact-dom[24m/cjs/react-dom.development.js:27331:11[90m)[39m
    at scheduleUpdateOnFiber [90m(/Users/amauricia/Documents/GitHub/stable-lords/[39mnode_modules/[4mreact-dom[24m/cjs/react-dom.development.js:25514:3[90m)[39m
    at forceStoreRerender [90m(/Users/amauricia/Documents/GitHub/stable-lords/[39mnode_modules/[4mreact-dom[24m/cjs/react-dom.development.js:16158:5[90m)[39m
    at updateStoreInstance [90m(/Users/amauricia/Documents/GitHub/stable-lords/[39mnode_modules/[4mreact-dom[24m/cjs/react-dom.development.js:16124:5[90m)[39m
    at commitHookEffectListMount [90m(/Users/amauricia/Documents/GitHub/stable-lords/[39mnode_modules/[4mreact-dom[24m/cjs/react-dom.development.js:23189:26[90m)[39m
    at commitPassiveMountOnFiber [90m(/Users/amauricia/Documents/GitHub/stable-lords/[39mnode_modules/[4mreact-dom[24m/cjs/react-dom.development.js:24970:11[90m)[39m
    at commitPassiveMountEffects_complete [90m(/Users/amauricia/Documents/GitHub/stable-lords/[39mnode_modules/[4mreact-dom[24m/cjs/react-dom.development.js:24930:9[90m)[39m
    at commitPassiveMountEffects_begin [90m(/Users/amauricia/Documents/GitHub/stable-lords/[39mnode_modules/[4mreact-dom[24m/cjs/react-dom.development.js:24917:7[90m)[39m
    at commitPassiveMountEffects [90m(/Users/amauricia/Documents/GitHub/stable-lords/[39mnode_modules/[4mreact-dom[24m/cjs/react-dom.development.js:24905:3[90m)[39m
    at flushPassiveEffectsImpl [90m(/Users/amauricia/Documents/GitHub/stable-lords/[39mnode_modules/[4mreact-dom[24m/cjs/react-dom.development.js:27078:3[90m)[39m
The above error occurred in the <WithoutShallow> component:

    at WithoutShallow (/Users/amauricia/Documents/GitHub/stable-lords/src/test/state/useGameStore.perf.test.tsx:95:47)

Consider adding an error boundary to your tree to customize error handling behavior.
Visit https://reactjs.org/link/error-boundaries to learn more about error boundaries.

 ❯ src/test/state/useGameStore.perf.test.tsx (3 tests | 1 failed | 2 skipped) 21ms
   ↓ useGameStore Optimization (Epic 4) > re-renders when selected state changes
   ↓ useGameStore Optimization (Epic 4) > does NOT re-render when unrelated state changes (with precise selector)
   × useGameStore Optimization (Epic 4) > requires useShallow for object-returning selectors to avoid extra renders 20ms
     → Maximum update depth exceeded. This can happen when a component repeatedly calls setState inside componentWillUpdate or componentDidUpdate. React limits the number of nested updates to prevent infinite loops.

⎯⎯⎯⎯⎯⎯⎯ Failed Tests 1 ⎯⎯⎯⎯⎯⎯⎯

 FAIL  src/test/state/useGameStore.perf.test.tsx > useGameStore Optimization (Epic 4) > requires useShallow for object-returning selectors to avoid extra renders
Error: Maximum update depth exceeded. This can happen when a component repeatedly calls setState inside componentWillUpdate or componentDidUpdate. React limits the number of nested updates to prevent infinite loops.
 ❯ checkForNestedUpdates node_modules/react-dom/cjs/react-dom.development.js:27331:11
 ❯ scheduleUpdateOnFiber node_modules/react-dom/cjs/react-dom.development.js:25514:3
 ❯ forceStoreRerender node_modules/react-dom/cjs/react-dom.development.js:16158:5
 ❯ updateStoreInstance node_modules/react-dom/cjs/react-dom.development.js:16124:5
 ❯ commitHookEffectListMount node_modules/react-dom/cjs/react-dom.development.js:23189:26
 ❯ commitPassiveMountOnFiber node_modules/react-dom/cjs/react-dom.development.js:24970:11
 ❯ commitPassiveMountEffects_complete node_modules/react-dom/cjs/react-dom.development.js:24930:9
 ❯ commitPassiveMountEffects_begin node_modules/react-dom/cjs/react-dom.development.js:24917:7
 ❯ commitPassiveMountEffects node_modules/react-dom/cjs/react-dom.development.js:24905:3
 ❯ flushPassiveEffectsImpl node_modules/react-dom/cjs/react-dom.development.js:27078:3

⎯⎯⎯⎯⎯⎯⎯⎯⎯⎯⎯⎯⎯⎯⎯⎯⎯⎯⎯⎯⎯⎯⎯⎯[1/1]⎯


 Test Files  1 failed (1)
      Tests  1 failed | 2 skipped (3)
   Start at  10:51:41
   Duration  998ms (transform 209ms, setup 50ms, collect 363ms, tests 21ms, environment 290ms, prepare 50ms)

npm notice
npm notice New major version of npm available! 10.9.3 -> 11.12.1
npm notice Changelog: https://github.com/npm/cli/releases/tag/v11.12.1
npm notice To update run: npm install -g npm@11.12.1
npm notice
